
> coding-agent-platform-web@0.1.0 build
> tsc && vite build

[36mvite v5.4.21 [32mbuilding for production...[36m[39m
transforming...
[32mâœ?[39m 3164 modules transformed.
rendering chunks...
computing gzip size...
[2mdist/[22m[32mindex.html                 [39m[1m[2m    0.47 kB[22m[1m[22m[2m â”?gzip:   0.33 kB[22m
[2mdist/[22m[35massets/index-kam2AZHW.css  [39m[1m[2m   27.99 kB[22m[1m[22m[2m â”?gzip:   6.38 kB[22m
[2mdist/[22m[36massets/index-BGQ19y0r.js   [39m[1m[33m1,412.64 kB[39m[22m[2m â”?gzip: 453.04 kB[22m
node.exe : [33m
ËùÔÚÎ»ÖÃ ÐÐ:1 ×Ö·û: 1
+ & "C:\Users\yd236\.workbuddy\binaries\node\versions\22.22.2-3/node.ex ...
+ ~~~~~~~~~~~~~~~~~~~~~~~~~~~~~~~~~~~~~~~~~~~~~~~~~~~~~~~~~~~~~~~~~~~~~
    + CategoryInfo          : NotSpecified: ([33m:String) [], RemoteException
    + FullyQualifiedErrorId : NativeCommandError
 
(!) Some chunks are larger than 500 kB after minification. Consider:
- Using dynamic import() to code-split the application
- Use build.rollupOptions.output.manualChunks to improve chunking: https://rollupjs.org/configuration-options/#output-m
anualchunks
- Adjust chunk size limit for this warning via build.chunkSizeWarningLimit.[39m
[32mâœ?built in 7.47s[39m

