1) 操作日志页
  ✓ 侧边栏出现「操作日志」入口
  ✓ 审计分组已展开（["工作台","项目空间","实时日志","Agent 管理","操作日志","Token 审计","管理台"]）
  ✓ 页面标题渲染
  ✓ 表格拿到了数据（不是空表）
  ✓ 统计卡渲染了 5 张（期望 ≥5）
   统计卡：["记录总数27","成功22","失败5","今日27","涉及项目5"]
  ✓ 「记录总数」有数值
  ✓ 「涉及项目」统计卡在
  ✓ 筛选控件渲染了 5 个（分类/操作/结果/身份/日期）
  ✓ 结果列有状态标签（["管理员","项目","#8","失败","访问令牌","需求","#6","成功"]）
  截图 → D:\develop\project\Janus\coding-agent-platform\.ui-smoke\audit-1-logs.png
2) 关键词筛选
  ✓ 筛选后行数收紧（27 → 27）
  ✓ 统计随筛选一起变化（记录总数27）
  截图 → D:\develop\project\Janus\coding-agent-platform\.ui-smoke\audit-2-logs-filter.png
  ✓ 重置筛选后数据回来了
3) 操作日志详情抽屉
  ✓ 点击行打开详情抽屉
  ✓ 抽屉里有「操作详情」正文
  ✓ 抽屉展示了操作者
  ✓ 抽屉展示了来源 IP
  截图 → D:\develop\project\Janus\coding-agent-platform\.ui-smoke\audit-3-logs-drawer.png
4) Token 审计页
  ✓ 页面标题渲染
  ✓ 调用留痕表格拿到了数据
   统计卡：["调用总数4","成功1","失败3","超时 / 限流0/ 1","平均耗时9,980ms","Token 总量（筛选范围内）365含 4 条估算","输入 Token41","输出 Token324","最长耗时10,814ms","工作台会话占比75%"]
  ✓ 统计卡渲染了 10 张（期望 ≥9）
  ✓ 「调用总数」在
  ✓ 「Token 总量」在
  ✓ 「输入 Token」在
  ✓ 「输出 Token」在
  ✓ 「平均耗时」在
   表头：["时间","来源","Agent / 模型","项目 · 需求","入参 / 出参","结果","耗时","Token","操作者",""]
  ✓ 表头含「时间」
  ✓ 表头含「来源」
  ✓ 表头含「Agent / 模型」
  ✓ 表头含「项目 · 需求」
  ✓ 表头含「入参 / 出参」
  ✓ 表头含「结果」
  ✓ 表头含「耗时」
  ✓ 表头含「Token」
  ✓ 表头含「操作者」
  截图 → D:\develop\project\Janus\coding-agent-platform\.ui-smoke\audit-4-tokens.png
5) 调用详情抽屉
  ✓ 点击行打开详情抽屉
  ✓ 抽屉里有完整入参
  ✓ 抽屉里有完整出参
  ✓ 入参/出参提供复制按钮
  ✓ 抽屉内容非空
  截图 → D:\develop\project\Janus\coding-agent-platform\.ui-smoke\audit-5-tokens-drawer.png
6) 非管理员（访问令牌）
  ✗ 等待超时：非管理员看到「仅管理员可见」说明
  ✗ 侧边栏不放开审计入口（["工作台","项目空间","实时日志","Agent 管理","操作日志","Token 审计","管理台"]）
  ✗ 未渲染审计表格
  截图 → D:\develop\project\Janus\coding-agent-platform\.ui-smoke\audit-6-non-admin.png
7) 运行期异常检查
  ✓ 没有 console 告警或异常
  ✓ 无未捕获异常（0）

审计页面 UI 冒烟失败 3 项: 等待超时：非管理员看到「仅管理员可见」说明; 侧边栏不放开审计入口（["工作台","项目空间","实时日志","Agent 管理","操作日志","Token 审计","管理台"]）; 未渲染审计表格
