
> coding-agent-platform-web@0.1.0 build
> tsc && vite build

[36mvite v5.4.21 [32mbuilding for production...[36m[39m
transforming...
[32m鉁?[39m 3154 modules transformed.
rendering chunks...
computing gzip size...
[2mdist/[22m[32mindex.html                 [39m[1m[2m    0.40 kB[22m[1m[22m[2m 鈹?gzip:   0.30 kB[22m
[2mdist/[22m[35massets/index-He6V_y6c.css  [39m[1m[2m    7.42 kB[22m[1m[22m[2m 鈹?gzip:   2.53 kB[22m
[2mdist/[22m[36massets/index-BXFShoL-.js   [39m[1m[33m1,141.74 kB[39m[22m[2m 鈹?gzip: 367.20 kB[22m
node.exe : [33m
所在位置 行:445 字符: 68
+ ... tform\web'; & 'C:\Users\yd236\.workbuddy\binaries\node\versions\22.22 ...
+                 ~~~~~~~~~~~~~~~~~~~~~~~~~~~~~~~~~~~~~~~~~~~~~~~~~~~~~~~~~
    + CategoryInfo          : NotSpecified: ([33m:String) [], RemoteException
    + FullyQualifiedErrorId : NativeCommandError
 
(!) Some chunks are larger than 500 kB after minification. Consider:
- Using dynamic import() to code-split the application
- Use build.rollupOptions.output.manualChunks to improve chunking: https://roll
upjs.org/configuration-options/#output-manualchunks
- Adjust chunk size limit for this warning via build.chunkSizeWarningLimit.[39
m
[32m鉁?built in 6.11s[39m
